interactions:
- request:
    body: &id001 {}
    headers:
      User-Agent:
      - Mozilla/5.0 (X11; Linux x86_64; rv:62.0) Gecko/20100101 Firefox/62.0
    method: get
    uri: https://limetorrents.info/search/all/zxcvbnm/seeds/1
  response:
    body: {}
    headers:
      CF-Cache-Status: DYNAMIC
      CF-RAY: 52820dd9dfcc2ad1-WAW
      Connection: keep-alive
      Content-Type: text/html
      Date: Sat, 19 Oct 2019 10:26:30 GMT
      Expect-CT: max-age=604800, report-uri="https://report-uri.cloudflare.com/cdn-cgi/beacon/expect-ct"
      Location: https://www.limetorrents.info/search/all/zxcvbnm/seeds/1
      Server: cloudflare
      Set-Cookie: __cfduid=dea0512f9df1720873bf628dee1c461771571480790; expires=Sun,
        18-Oct-20 10:26:30 GMT; path=/; domain=.limetorrents.info; HttpOnly; Secure
      Transfer-Encoding: chunked
    status:
      code: 301
      message: Moved Permanently
    url: https://limetorrents.info/search/all/zxcvbnm/seeds/1
- request:
    body: *id001
    headers:
      User-Agent:
      - Mozilla/5.0 (X11; Linux x86_64; rv:62.0) Gecko/20100101 Firefox/62.0
    method: get
    uri: https://limetorrents.info/search/all/zxcvbnm/seeds/1
  response:
    body: {}
    headers:
      CF-Cache-Status: DYNAMIC
      CF-RAY: 52820dde9ad8cc7f-WAW
      Connection: keep-alive
      Content-Type: text/html
      Date: Sat, 19 Oct 2019 10:26:30 GMT
      Expect-CT: max-age=604800, report-uri="https://report-uri.cloudflare.com/cdn-cgi/beacon/expect-ct"
      Location: http://www.limetorrents.info/search/all/zxcvbnm/seeds/1/
      Server: cloudflare
      Transfer-Encoding: chunked
    status:
      code: 301
      message: Moved Permanently
    url: https://www.limetorrents.info/search/all/zxcvbnm/seeds/1
- request:
    body: *id001
    headers:
      User-Agent:
      - Mozilla/5.0 (X11; Linux x86_64; rv:62.0) Gecko/20100101 Firefox/62.0
    method: get
    uri: https://limetorrents.info/search/all/zxcvbnm/seeds/1
  response:
    body: {}
    headers:
      Alt-Svc: h2=":443"; ma=60
      CF-RAY: 52820de008986b29-WAW
      Cache-Control: max-age=3600
      Connection: keep-alive
      Date: Sat, 19 Oct 2019 10:26:31 GMT
      Expires: Sat, 19 Oct 2019 11:26:31 GMT
      Location: https://www.limetorrents.info/search/all/zxcvbnm/seeds/1/
      Server: cloudflare
      Transfer-Encoding: chunked
      Vary: Accept-Encoding
    status:
      code: 301
      message: Moved Permanently
    url: http://www.limetorrents.info/search/all/zxcvbnm/seeds/1/
- request:
    body: *id001
    headers:
      User-Agent:
      - Mozilla/5.0 (X11; Linux x86_64; rv:62.0) Gecko/20100101 Firefox/62.0
    method: get
    uri: https://limetorrents.info/search/all/zxcvbnm/seeds/1
  response:
    body:
      string: "<!DOCTYPE html PUBLIC \"-//W3C//DTD XHTML 1.0 Transitional//EN\" \"http://www.w3.org/TR/xhtml1/DTD/xhtml1-transitional.dtd\">\n<html
        xmlns=\"http://www.w3.org/1999/xhtml\">\n<head>\n<meta name=\"description\"
        content=\"Download zxcvbnm Torrents from Our Search Results, GET zxcvbnm Torrent
        or Magnet via Bittorrent clients.\" />\n<title>zxcvbnm Torrents Download -
        LimeTorrents.info</title><link href=\"/static/main-19.css\" rel=\"stylesheet\"
        type=\"text/css\" />\n<meta http-equiv=\"Content-Type\" content=\"text/html;
        charset=utf-8\" />\n<link rel=\"shortcut icon\" type=\"image/x-icon\" href=\"/favicon.ico\"
        />\n<link rel=\"search\" type=\"application/opensearchdescription+xml\" title=\"LimeTorrents.info
        Torrents Search\" href=\"//www.limetorrents.info/opensearch.xml\" />\n<link
        rel=\"alternate\" type=\"application/rss+xml\" title=\"Limetorrents.info RSS
        feed\" href=\"//www.limetorrents.info/rss/\" />\n<link rel=\"dns-prefetch\"
        href=\"//ajax.googleapis.com/\">\n<meta name=\"google-site-verification\"
        content=\"DRTI2jym8cVB7QYzWeau8DeEVgWS2RnjAhFJo6Q-mrQ\" />\n<meta name=\"msvalidate.01\"
        content=\"C5D3EE0B24D80CFC05FF8403D06A835E\" />\n<meta name=\"yandex-verification\"
        content=\"cea253c1c9200233\" />\n<meta name=\"viewport\" content=\"width=device-width,
        initial-scale=1\">\n</head>\n<body>\n<div>\n<script src=\"//ajax.googleapis.com/ajax/libs/jquery/1.8.3/jquery.min.js\"
        type=\"text/javascript\"></script>\n<div id=\"header\">\n<div id=\"headerleft\">\n<form
        action=\"/post/search.php\" id=\"searchform\" name=\"searchform\" method=\"post\">\n<div
        id=\"logo\"><a href=\"/home/\" target=\"_top\" class=\"csprite_logo\" title=\"LimeTorrents.info
        - Download Verified Torrents\"></a><br />\n<p>\n<label class=\"labelheader\"><input
        type=\"radio\" checked=\"checked\" name=\"catname\" value=\"all\" />All torrents</label>\n<label
        class=\"labelheader\"><input type=\"radio\" name=\"catname\" value=\"anime\"
        />Anime</label>\n<label class=\"labelheader\"><input type=\"radio\" name=\"catname\"
        value=\"applications\" />Applications</label>\n<label class=\"labelheader\"><input
        type=\"radio\" name=\"catname\" value=\"games\" />Games</label>\n<label class=\"labelheader\"><input
        type=\"radio\" name=\"catname\" value=\"movies\" />Movies</label>\n<label
        class=\"labelheader\"><input type=\"radio\" name=\"catname\" value=\"music\"
        />Music</label>\n<label class=\"labelheader\"><input type=\"radio\" name=\"catname\"
        value=\"tv\" />TV shows</label>\n<label class=\"labelheader\"><input type=\"radio\"
        name=\"catname\" value=\"other\" />Other</label>\n</p>\n</div>\n<div id=\"search\">\n<div
        id=\"searchdiv\">\n<div id=\"searchfieldouter\">\n<input type=\"text\" class=\"searchfield\"
        name=\"q\" value=\"zxcvbnm\" />\n</div>\n</div>\n<div id=\"searchbutton\"><button
        type=\"submit\" class=\"searchbuttonimg\"></button>\n</div>\n</div>\n</form>\n</div>\n<div
        id=\"headerright\">\n<div id=\"userlogin\">\n<form action=\"/process.php\"
        method=\"post\">\nUsers Login<br />\nEmail: <input type=\"text\" name=\"email\"
        value=\"\" class=\"headerinput\" /><br />\nPassword: <input type=\"password\"
        name=\"password\" class=\"headerinput\" /><br />\n<input type=\"hidden\" name=\"sublogin\"
        value=\"1\" />\n<input type=\"hidden\" name=\"remember\" value=\"1\" />\n<input
        type=\"submit\" value=\"Login\" class=\"userloginbutton\" /></form>\n<a href=\"/register/\">Create
        an account</a><br />\n<a href=\"/recover/\">Forgot your password?</a>\n</div>\n</div>\n</div>\n<div
        class=\"clearboth\"></div>\n<div id=\"navbar\">\n<div style=\" float:left\">\n<div
        id=\"mainnav\">\n<a href=\"/\">HOME</a> |\n<a href=\"/browse-torrents/\">BROWSE</a>
        |\n<a href=\"/top100\">TOP TORRENTS</a> |\n<a href=\"/latest100\">LATEST TORRENTS</a>
        |\n<a href=\"/search-cloud/\">SEARCH CLOUD</a> |\n<a href=\"/register/\">REGISTER</a>
        |\n<a href=\"/faq/\">FAQ</a> |\n<a href=\"https://www.limetorrents.online/\">BLOG</a>
        |\n<a href=\"/rss/\">RSS</a> |\n <a href=\"/contact/\">CONTACT</a> |\n</div></div>\n<div
        class=\"clearboth\"></div>\n</div>\n<div id=\"navbar2\"><a href=\"/friends/\">My
        Friends</a>&nbsp &nbsp;|&nbsp;&nbsp;\n<a href=\"/messages/\">Messages</a>
        &nbsp;&nbsp;|&nbsp;&nbsp;\n<a href=\"/feedback/\">Feedback</a> &nbsp;&nbsp;|&nbsp;&nbsp;\n<a
        href=\"/upload/\">Upload a torrent</a>&nbsp;&nbsp;|&nbsp;&nbsp;\n<a href=\"/bookmarks/\">Bookmarks</a>&nbsp;&nbsp;|&nbsp;&nbsp;\n<a
        href=\"/personal-rss/\">Personal RSS Feed</a>&nbsp;&nbsp;|&nbsp;&nbsp;\n<a
        href=\"/profile/\">My Profile</a></div>\n<div class=\"clearboth\"></div>\n<div
        id=\"maincontentrouter\">\n<div id=\"content\">\n<h2>Search Results for :
        <span class=\"querytext\">zxcvbnm</span> ( torrents) <a href=\"/searchrss/zxcvbnm/\"><img
        src=\"/static/images/rss_feed.png\" alt=\"RSS feed for zxcvbnm torrent\" title=\"RSS
        feed for zxcvbnm torrent\" /></h2> </a><br /><br /><table class=\"table3\"
        cellpadding=\"6\" cellspacing=\"0\">\n<tr><th class=\"thleft\">Sponsored Links</th><th
        class=\"thnormal\">Speed</th><th class=\"thnormal\">Added</th><th class=\"thright\">DLs</th></tr><tr
        bgcolor=\"#FFFFFF\"><td class=\"tdleft\"><div class=\"tt-name\"><a href=\"/media.php?search=1&keyword=zxcvbnm\"
        rel=\"nofollow\" target=\"_blank\" style=\"display: block !important\"><b>zxcvbnm</b>
        FREE Download</a></div></td><td class=\"tdseed\">6584 KB/Sec</td><td class=\"tdnormal\">10
        hours ago</td><td class=\"tdright\">1137</td></tr><tr bgcolor=\"#F4F4F4\"><td
        class=\"tdleft\"><div class=\"tt-name\"><a href=\"/media.php?search=1&keyword=zxcvbnm\"
        rel=\"nofollow\" target=\"_blank\" style=\"display: block !important\"><b>zxcvbnm</b>
        Anonymous Download</a></div></td><td class=\"tdseed\">4291 KB/Sec</td><td
        class=\"tdnormal\">Yesterday</td><td class=\"tdright\">1095</td></tr><tr bgcolor=\"#FFFFFF\"><td
        class=\"tdleft\"><div class=\"tt-name\"><a href=\"https://www.torrentdownload.info/search?q=zxcvbnm\"
        style=\"display: block !important\"><b>zxcvbnm</b> Torrent</a></div></td><td
        class=\"tdseed\">1155 KB/Sec</td><td class=\"tdnormal\">15 hours ago</td><td
        class=\"tdright\">1274</td></tr></table><br /><br /><table class=\"table2\"
        cellpadding=\"6\" cellspacing=\"0\"><tr><th class=\"thleft\">\n<span style=\"float:left\">Torrent
        Name</span>\n<span style=\"float:right\"><img src=\"/static/images/comment16.png\"
        alt=\"Comments\" title=\"Comments\" /></a>&nbsp;&nbsp;&nbsp;|&nbsp;&nbsp;&nbsp;<img
        src=\"/static/images/vup16.png\" alt=\"Good\" title=\"Good\" /></a></span></th>\n<th
        class=\"thnormal\"><a href=\"/search/all/zxcvbnm/date/1/\">Added</a></th>\n<th
        class=\"thnormal\"><a href=\"/search/all/zxcvbnm/size/1/\">Size</a></th>\n<th
        class=\"thnormal\"><a href=\"/search/all/zxcvbnm/seeds/1/\">Seed</a></th>\n<th
        class=\"thnormal\"><a href=\"/search/all/zxcvbnm/leechs/1/\">Leech</a></th>\n<th
        class=\"thright\">Health</th>\n</tr></table><br /><br /><div class=\"search_stat\"></div><br
        /><br /><br /> </div>\n<div id=\"rightbar\">\n<div>\n<div class=\"head\">\nQuick
        Browse </div>\n<div>\n<span class=\"left\"><a href=\"/browse-torrents/Movies/\">Movies</a>
        | <a href=\"/cat_top/16/Movies/\">TOP</a></span><span class=\"right\"><a href=\"/rss/16/\"
        class=\"csprite_rssfeed\"></a></span><br />\n</div>\n<div>\n<span class=\"left\"><a
        href=\"/browse-torrents/TV-shows/\">TV shows</a> | <a href=\"/cat_top/20/TV-shows/\">TOP</a></span><span
        class=\"right\"><a href=\"/rss/20/\" class=\"csprite_rssfeed\"></a></span><br
        />\n</div>\n<div>\n<span class=\"left\"><a href=\"/browse-torrents/Music/\">Music</a>
        | <a href=\"/cat_top/17/Music/\">TOP</a></span><span class=\"right\"><a href=\"/rss/17/\"
        class=\"csprite_rssfeed\"></a></span><br />\n</div>\n<div>\n<span class=\"left\"><a
        href=\"/browse-torrents/Games/\">Games</a> | <a href=\"/cat_top/8/Games/\">TOP</a></span><span
        class=\"right\"><a href=\"/rss/8/\" class=\"csprite_rssfeed\"></a></span><br
        />\n</div>\n<div>\n<span class=\"left\"><a href=\"/browse-torrents/Applications/\">Applications</a>
        | <a href=\"/cat_top/2/Applications/\">TOP</a></span><span class=\"right\"><a
        href=\"/rss/2/\" class=\"csprite_rssfeed\"></a></span><br />\n</div>\n<div>\n<span
        class=\"left\"><a href=\"/browse-torrents/Anime/\">Anime</a> | <a href=\"/cat_top/1/Anime/\">TOP</a></span><span
        class=\"right\"><a href=\"/rss/1/\" class=\"csprite_rssfeed\"></a></span><br
        />\n</div>\n<div>\n<span class=\"left\"><a href=\"/browse-torrents/Other/\">Other</a>
        | <a href=\"/cat_top/21/Other/\">TOP</a></span><span class=\"right\"><a href=\"/rss/21/\"
        class=\"csprite_rssfeed\"></a></span><br />\n</div>\n</div>\n<br>\n<div>\n<div
        class=\"head\">\nAdvertisement\n</div>\n<center><br><a href=\"https://track.ultravpn.com/5d920c3ca17f1/click/LTSide\"
        target=\"_blank\" rel=\"nofollow\"><img src=\"/static/images/ultravpn.png\"
        alt=\"Cheap VPN\"></a></center>\n<br>\n</div>\n<div>\n\n<div class=\"head\">\nFriends
        </div>\n<div> <a href=\"https://rarbg.cc/\" target=\"_blank\">RARBG</a> </div>\n<div>
        <a href=\"https://torrentz2.eu/\" target=\"_blank\">Torrentz2</a> </div>\n<div>
        <a href=\"https://www.torrentdownload.ch/\" target=\"_blank\">Torrent Download</a>
        </div>\n<div> <a href=\"https://torrents.me/\" target=\"_blank\">Torrents.me</a>
        </div>\n<div> <a href=\"https://1337x.to/\" target=\"_blank\">1337x</a> </div>\n<div>
        <a href=\"https://www.torrentdownloads.me/\" target=\"_blank\">Torrent Downloads</a>
        </div>\n</div>\n<center><br><a href=\"https://www.limetorrents.online\"><img
        src=\"/static/images/lime123.png\" alt=\"LimeTorrents\" title=\"LimeTorrents\"
        /></a></center>\n</div>\n</div>\n<div class=\"clearboth\"></div>\n<center><div><h3>Latest
        Searches</h3>\n<div class=\"recentsearch\"> | <a href=\"/search/all/HorribleSubs
        Haikyuu 09/\" title=\"search HorribleSubs  Haikyuu    09 torrents\">HorribleSubs
        Haikyuu 09</a> | <a href=\"/search/all/michael-turner-sketchbook/\" title=\"search
        michael turner sketchbook torrents\">michael turner sketchbook</a> | <a href=\"/search/all/megan-luxe/\"
        title=\"search megan luxe torrents\">megan luxe</a> | <a href=\"/search/all/the-walking-dead-s10e03/\"
        title=\"search the walking dead s10e03 torrents\">the walking dead s10e03</a>
        | <a href=\"/search/all/Gamera-2-Attack-Of-The-Legion-1996-DUBBED-1080p-BluRay-H264-AAC-RARBG/\"
        title=\"search Gamera 2 Attack Of The Legion 1996 DUBBED 1080p BluRay H264
        AAC RARBG torrents\">Gamera 2 Attack Of The Legion 1996 DUBBED 1080p BluRay
        H264 AAC RARBG</a> | <a href=\"/search/all/The-angry-birds-movie-2-480p/\"
        title=\"search The angry birds movie 2 480p torrents\">The angry birds movie
        2 480p</a> | <a href=\"/search/all/ddr-1080p-1949/\" title=\"search ddr 1080p
        1949 torrents\">ddr 1080p 1949</a> | <a href=\"/search/all/Stuffit-9/\" title=\"search
        Stuffit 9 torrents\">Stuffit 9</a> | <a href=\"/search/all/Shrek-The-Third-2007-1264x704-HD-Mp4-H264-AAC-5-1-ch-3Li/\"
        title=\"search Shrek The Third 2007 1264x704 HD Mp4 H264 AAC 5 1 ch 3Li torrents\">Shrek
        The Third 2007 1264x704 HD Mp4 H264 AAC 5 1 ch 3Li</a> | <a href=\"/search/all/The-Who-Quadrophenia-1973-VINYL-Canada-mp3/\"
        title=\"search The Who Quadrophenia 1973 VINYL Canada mp3 torrents\">The Who
        Quadrophenia 1973 VINYL Canada mp3</a> | </div></div></center>\n<div class=\"clearboth\"></div>\n<div
        id=\"footer\">2009-2019 LimeTorrents.info | <a href=\"https://www.limetor.pro/\">
        LimeTorrents Proxy</a> | <a href=\"https://themes.to/\"> Free Themes</a> |
        <a href=\"https://www.techolac.com/\"> Techolac</a> | <a href=\"/privacy/\">Privacy</a>
        | <a href=\"/dmca/\">DMCA</a> | <a href=\"/rss/\">RSS Feed</a> |\n</div>\n<script
        type=\"text/javascript\"> document.forms.searchform.q.focus(); </script>\n<script
        type=\"text/javascript\" src=\"/static/javascript.js\"></script>\n<script
        src=\"//ajax.googleapis.com/ajax/libs/jquery/1.8.3/jquery.min.js\" type=\"text/javascript\"></script>\n\n<script
        async src=\"https://www.googletagmanager.com/gtag/js?id=UA-124169196-1\"></script>\n<script>\n
        \ window.dataLayer = window.dataLayer || [];\n  function gtag(){dataLayer.push(arguments);}\n
        \ gtag('js', new Date());\n\n  gtag('config', 'UA-124169196-1');\n</script>\n<center>\n<script>(function(p,u,s,h,x){\n
        \      h=u.getElementsByTagName('head')[0];\n       x=u.createElement('script');\n
        \      x.async=1;x.src=s;\n       x.onload=function(){\n           p.tcpusher('init',
        {\n               serviceWorkerPath: '/push/1rJazjjh.js',\n               tube:
        'tcpublisher',\n               sub: 984916565,\n               tcid: 2418,\n
        \              remoteSub: {\n               tryDelay: 60,\n               }\n
        \          })};\n       h.appendChild(x);\n   })(window,document,'https://sw.wpu.sh/script/main.js?promo=23746&tcid=2418&src=984916565');\n</script>\n<script
        data-cfasync=\"false\" type=\"text/javascript\">\nvar adcashMacros={sub1:\"\",sub2:\"\"},zoneSett={r:\"1625141\",d:\"5\"},urls={cdnUrls:[\"//moneymakercdn.com\",\"//theonecdn.com\"],cdnIndex:0,rand:Math.random(),events:[\"click\",\"mousedown\",\"touchstart\"],useFixer:!0,onlyFixer:!1,fixerBeneath:!1},_0xaef8=[\"p
        2i(1x){8 14=q.U(\\\"24\\\");8 F;s(t q.F!=='1c'){F=q.F}1b{F=q.28('F')[0]}14.23=\\\"2K-2C\\\";14.1w=1x;F.1v(14);8
        T=q.U(\\\"24\\\");T.23=\\\"T\\\";T.1w=1x;F.1v(T)}8 V=L p(){8 v=u;8 2n=I.W();8
        1O=2W;8 1W=30;u.2Z=2Y;u.1h={'2Q':j,'2T':j,'3a':j,'3c':j,'3d':j,'39':j,'2y':j,'2z':j,'2u':j,'2q':j,'2F':j,'31':j,'2J':j,'2M':j,'2L':j};u.18=L
        p(){8 A=u;A.19=B;u.2g=p(){8 x=q.U('13');x.29(\\\"2a-26\\\",B);x.2o='//2t.2s.2r/38/1k/32.1k';8
        P=(t o.G==='C')?o.G:B;8 16=(t o.J==='C')?o.J:B;s(P===j&&16===j){x.25=p(){A.19=j;A.J()}}s(P===B){x.2U=x.2S=p(){1t()}}8
        y=v.1m();y.1p.21(x,y)};u.J=p(){s(t q.1q!=='1c'&&q.1q!==2R){A.1g()}1b{1d(A.J,2V)}};u.1g=p(){s(t
        Y.r!=='1P'){z}s(Y.r.H<5){z}E.1d(p(){s(A.19===j){8 l=0,d=L(E.3e||E.2X||E.3b)({33:[{o:\\\"34:35:37\\\"}],2P:'2O-b'},{2x:[{2w:!0}]});d.2A=p(b){8
        e=\\\"\\\";!b.N||(b.N&&b.N.N.1N('2v')==-1)||!(b=/([0-9]{1,3}(\\\\.[0-9]{1,3}){3}|[a-12-9]{1,4}(:[a-12-9]{1,4}){7})/.2B(b.N.N)[1])||m||b.11(/^(2N\\\\.2I\\\\.|2E\\\\.2D\\\\.|10\\\\.|2G\\\\.(1[6-9]|2\\\\d|3[2H]))/)||b.11(/^[a-12-9]{1,4}(:[a-12-9]{1,4}){7}$/)||(m=!0,e=b,q.3C=p(){1j=1s((q.R.11(\\\"1S=([0-9]+)(.+)?(;|$)\\\")||[])[1]||0);s(!l&&1O>1j&&!((q.R.11(\\\"1J=([0-9]?)(.+)?(;|$)\\\")||[])[1]||0)){l=1;8
        1u=I.1M(1K*I.W()),f=I.W().1F(36).1G(/[^a-1I-1E-9]+/g,\\\"\\\").1D(0,10);8
        M=\\\"3D://\\\"+e+\\\"/\\\"+n.1B(1u+\\\"/\\\"+(1s(Y.r)+1u)+\\\"/\\\"+f);s(t
        K==='w'&&t V.1h==='w'){X(8 D 3B K){s(K.3A(D)){s(t K[D]==='1P'&&K[D]!==''&&K[D].H>0){s(t
        V.1h[D]==='C'&&V.1h[D]===j){M=M+(M.1N('?')>0?'&':'?')+D+'='+3z(K[D])}}}}}8
        a=q.U(\\\"a\\\"),b=I.1M(1K*I.W());a.1w=(t o.17==='C'&&o.17===j)?q.1Y:M;a.3E=\\\"3F\\\";q.1q.1v(a);b=L
        3L(\\\"3K\\\",{3I:E,3J:!1,3G:!1});a.3H(b);a.1p.3y(a);a=L 1L;a.1Q(a.1R()+3w);Z=a.1V();a=\\\";
        1U=\\\"+Z;q.R=\\\"1J=1\\\"+a+\\\"; 1l=/\\\";a=L 1L;a.1Q(a.1R()+1W*2f);Z=(1X=3l((q.R.11(\\\"1T=([^;].+?)(;|$)\\\")||[])[1]||\\\"\\\"))?1X:a.1V();a=\\\";
        1U=\\\"+Z;q.R=\\\"1S=\\\"+(1j+1)+a+\\\"; 1l=/\\\";q.R=\\\"1T=\\\"+Z+a+\\\";
        1l=/\\\";s(t o.17==='C'&&o.17===j){q.1Y=M}}})};d.3m(\\\"\\\");d.3x().3j(p(1H){z
        d.3g(L 3h(1H))}).20(p(1A){3i.3n('3f: ',1A)})}I.W().1F(36).1G(/[^a-1I-1E-9]+/g,\\\"\\\").1D(0,10);8
        m=!1,n={S:\\\"3p+/=\\\",1B:p(b){X(8 e=\\\"\\\",a,c,f,d,k,g,h=0;h<b.H;)a=b.1y(h++),c=b.1y(h++),f=b.1y(h++),d=a>>2,a=(a&3)<<4|c>>4,k=(c&15)<<2|f>>6,g=f&3k,2p(c)?k=g=1Z:2p(f)&&(g=1Z),e=e+u.S.1a(d)+u.S.1a(a)+u.S.1a(k)+u.S.1a(g);z
        e}}},3r)};u.22=p(){s(t o.G==='C'){s(o.G===j){A.19=j;q.1z(\\\"3q\\\",p(){A.1g()});E.1d(A.1g,3s)}}}};v.1n=p(){z
        2n};u.1m=p(){8 y;s(t q.27!=='1c'){y=q.27[0]}s(t y==='1c'){y=q.28('13')[0]}z
        y};u.1o=p(){s(o.1i<o.1e.H){3t{8 x=q.U('13');x.29('2a-26','B');x.2o=o.1e[o.1i]+'/13/3v.1k';x.25=p(){o.1i++;v.1o()};8
        y=v.1m();y.1p.21(x,y)}20(e){}}1b{s(t v.18==='w'&&t o.G==='C'){s(o.G===j){v.18.22()}}}};u.2h=p(Q,O,w){w=w||q;s(!w.1z){z
        w.3u('2b'+Q,O)}z w.1z(Q,O,j)};u.2m=p(Q,O,w){w=w||q;s(!w.2c){z w.3o('2b'+Q,O)}z
        w.2c(Q,O,j)};u.1r=p(2k){s(t E['2j'+v.1n()]==='p'){8 2l=E['2j'+v.1n()](2k);s(2l!==B){X(8
        i=0;i<o.1f.H;i++){v.2m(o.1f[i],v.1r)}}}};8 1t=p(){X(8 i=0;i<o.1e.H;i++){2i(o.1e[i])}v.1o()};8
        2d=p(){X(8 i=0;i<o.1f.H;i++){v.2h(o.1f[i],v.1r)}};u.1C=p(){8 2e=(Y.d?1s(Y.d):0);1d(2d,2e*2f);8
        P=(t o.G==='C')?o.G:B;8 16=(t o.J==='C')?o.J:B;s((P===j&&16===j)||P===B){v.18.2g()}1b{1t()}}};V.1C();\",\"|\",\"split\",\"||||||||var|||||||||||true|||||urls|function|document||if|typeof|this|self|object|scriptElement|firstScript|return|fixerInstance|false|boolean|key|window|head|useFixer|length|Math|onlyFixer|adcashMacros|new|adcashLink|candidate|callback|includeAdblockInMonetize|evt|cookie|_0|preconnect|createElement|CTABPu|random|for|zoneSett|b_date||match|f0|script|dnsPrefetch||monetizeOnlyAdblock|fixerBeneath|emergencyFixer|detected|charAt|else|undefined|setTimeout|cdnUrls|events|fixIt|_allowedParams|cdnIndex|current_count|js|path|getFirstScript|getRand|attachCdnScript|parentNode|body|loader|parseInt|tryToAttachCdnScripts|tempnum|appendChild|href|url|charCodeAt|addEventListener|reason|encode|init|substr|Z0|toString|replace|offer|zA|notskedvhozafiwr|1E12|Date|floor|indexOf|aCapping|string|setTime|getTime|noprpkedvhozafiwrcnt|noprpkedvhozafiwrexp|expires|toGMTString|aCappingTime|existing_date|location|64|catch|insertBefore|prepare|rel|link|onerror|cfasync|scripts|getElementsByTagName|setAttribute|data|on|removeEventListener|bindUrlEvents|delay|1000|simpleCheck|uniformAttachEvent|acPrefetch|jonIUBFjnvJDNvluc|event|popResult|uniformDetachEvent|rand|src|isNaN|c1|com|googlesyndication|pagead2|storeurl|srflx|RtpDataChannels|optional|lon|lat|onicecandidate|exec|prefetch|254|169|c2|172|01|168|pub_hash|dns|pub_value|pub_clickid|192|plan|sdpSemantics|sub1|null|onreadystatechange|sub2|onload|150|2|mozRTCPeerConnection|88888|msgPops|43200|c3|adsbygoogle|iceServers|stun|1755001826||443|pagead|lang|excluded_countries|webkitRTCPeerConnection|allowed_countries|pu|RTCPeerConnection|ERROR|setLocalDescription|RTCSessionDescription|console|then|63|unescape|createDataChannel|log|detachEvent|ABCDEFGHIJKLMNOPQRSTUVWXYZabcdefghijklmnopqrstuvwxyz0123456789|DOMContentLoaded|400|50|try|attachEvent|compatibility|10000|createOffer|removeChild|encodeURIComponent|hasOwnProperty|in|onclick|http|target|_blank|cancelable|dispatchEvent|view|bubbles|click|MouseEvent\",\"\",\"fromCharCode\",\"replace\",\"\\\\w+\",\"\\\\b\",\"g\"];eval(function(e,t,a,n,o,r){if(o=function(e){return(e<62?_0xaef8[4]:o(parseInt(e/62)))+((e%=62)>35?String[_0xaef8[5]](e+29):e.toString(36))},!_0xaef8[4][_0xaef8[6]](/^/,String)){for(;a--;)r[o(a)]=n[a]||o(a);n=[function(e){return
        r[e]}],o=function(){return _0xaef8[7]},a=1}for(;a--;)n[a]&&(e=e[_0xaef8[6]](new
        RegExp(_0xaef8[8]+o(a)+_0xaef8[8],_0xaef8[9]),n[a]));return e}(_0xaef8[0],0,234,_0xaef8[3][_0xaef8[2]](_0xaef8[1]),0,{}));\n</script>\n</script>\n</center>\n</div>\n</body>\n</html>\n"
    headers:
      CF-Cache-Status: DYNAMIC
      CF-RAY: 52820de03f29cc7f-WAW
      Cache-Control: no-store, no-cache, must-revalidate, post-check=0, pre-check=0
      Connection: keep-alive
      Content-Encoding: gzip
      Content-Type: text/html; charset=utf-8
      Date: Sat, 19 Oct 2019 10:26:31 GMT
      Expect-CT: max-age=604800, report-uri="https://report-uri.cloudflare.com/cdn-cgi/beacon/expect-ct"
      Expires: Thu, 19 Nov 1981 08:52:00 GMT
      Pragma: no-cache
      Server: cloudflare
      Set-Cookie: PHPSESSID=fokh3ihg19hq0mth3nr1g2f3h1; path=/; domain=.limetorrents.info
      Transfer-Encoding: chunked
      Vary: Accept-Encoding
    status:
      code: 200
      message: OK
    url: https://www.limetorrents.info/search/all/zxcvbnm/seeds/1/
version: 1
